
Terraform used the selected providers to generate the following execution
plan. Resource actions are indicated with the following symbols:
  [32m+[0m create[0m

Terraform will perform the following actions:

[1m  # google_artifact_registry_repository.medusa_repo[0m will be created
[0m  [32m+[0m[0m resource "google_artifact_registry_repository" "medusa_repo" {
      [32m+[0m[0m create_time      = (known after apply)
      [32m+[0m[0m description      = "Docker repository for Medusa application"
      [32m+[0m[0m effective_labels = {
          [32m+[0m[0m "app"         = "medusa"
          [32m+[0m[0m "environment" = "dev"
          [32m+[0m[0m "managed_by"  = "terraform"
        }
      [32m+[0m[0m format           = "DOCKER"
      [32m+[0m[0m id               = (known after apply)
      [32m+[0m[0m labels           = {
          [32m+[0m[0m "app"         = "medusa"
          [32m+[0m[0m "environment" = "dev"
          [32m+[0m[0m "managed_by"  = "terraform"
        }
      [32m+[0m[0m location         = "asia-southeast2"
      [32m+[0m[0m mode             = "STANDARD_REPOSITORY"
      [32m+[0m[0m name             = (known after apply)
      [32m+[0m[0m project          = "medusa-dev-jkt"
      [32m+[0m[0m repository_id    = "medusa-dev"
      [32m+[0m[0m terraform_labels = {
          [32m+[0m[0m "app"         = "medusa"
          [32m+[0m[0m "environment" = "dev"
          [32m+[0m[0m "managed_by"  = "terraform"
        }
      [32m+[0m[0m update_time      = (known after apply)
    }

[1m  # google_compute_firewall.medusa_firewall[0m will be created
[0m  [32m+[0m[0m resource "google_compute_firewall" "medusa_firewall" {
      [32m+[0m[0m creation_timestamp = (known after apply)
      [32m+[0m[0m destination_ranges = (known after apply)
      [32m+[0m[0m direction          = (known after apply)
      [32m+[0m[0m enable_logging     = (known after apply)
      [32m+[0m[0m id                 = (known after apply)
      [32m+[0m[0m name               = "medusa-dev-firewall"
      [32m+[0m[0m network            = "medusa-dev-vpc"
      [32m+[0m[0m priority           = 1000
      [32m+[0m[0m project            = "medusa-dev-jkt"
      [32m+[0m[0m self_link          = (known after apply)
      [32m+[0m[0m source_ranges      = [
          [32m+[0m[0m "0.0.0.0/0",
        ]
      [32m+[0m[0m target_tags        = [
          [32m+[0m[0m "medusa-app",
        ]

      [32m+[0m[0m allow {
          [32m+[0m[0m ports    = [
              [32m+[0m[0m "80",
              [32m+[0m[0m "443",
              [32m+[0m[0m "9000",
            ]
          [32m+[0m[0m protocol = "tcp"
        }
    }

[1m  # google_compute_global_address.medusa_lb_ip[0m will be created
[0m  [32m+[0m[0m resource "google_compute_global_address" "medusa_lb_ip" {
      [32m+[0m[0m address            = (known after apply)
      [32m+[0m[0m creation_timestamp = (known after apply)
      [32m+[0m[0m effective_labels   = (known after apply)
      [32m+[0m[0m id                 = (known after apply)
      [32m+[0m[0m label_fingerprint  = (known after apply)
      [32m+[0m[0m name               = "medusa-dev-lb-ip"
      [32m+[0m[0m prefix_length      = (known after apply)
      [32m+[0m[0m project            = "medusa-dev-jkt"
      [32m+[0m[0m self_link          = (known after apply)
      [32m+[0m[0m terraform_labels   = (known after apply)
    }

[1m  # google_compute_global_address.private_ip_allocation[0m will be created
[0m  [32m+[0m[0m resource "google_compute_global_address" "private_ip_allocation" {
      [32m+[0m[0m address            = (known after apply)
      [32m+[0m[0m address_type       = "INTERNAL"
      [32m+[0m[0m creation_timestamp = (known after apply)
      [32m+[0m[0m effective_labels   = (known after apply)
      [32m+[0m[0m id                 = (known after apply)
      [32m+[0m[0m label_fingerprint  = (known after apply)
      [32m+[0m[0m name               = "medusa-dev-private-ip"
      [32m+[0m[0m network            = (known after apply)
      [32m+[0m[0m prefix_length      = 16
      [32m+[0m[0m project            = "medusa-dev-jkt"
      [32m+[0m[0m purpose            = "VPC_PEERING"
      [32m+[0m[0m self_link          = (known after apply)
      [32m+[0m[0m terraform_labels   = (known after apply)
    }

[1m  # google_compute_network.medusa_vpc[0m will be created
[0m  [32m+[0m[0m resource "google_compute_network" "medusa_vpc" {
      [32m+[0m[0m auto_create_subnetworks                   = false
      [32m+[0m[0m delete_default_routes_on_create           = false
      [32m+[0m[0m gateway_ipv4                              = (known after apply)
      [32m+[0m[0m id                                        = (known after apply)
      [32m+[0m[0m internal_ipv6_range                       = (known after apply)
      [32m+[0m[0m mtu                                       = 1460
      [32m+[0m[0m name                                      = "medusa-dev-vpc"
      [32m+[0m[0m network_firewall_policy_enforcement_order = "AFTER_CLASSIC_FIREWALL"
      [32m+[0m[0m numeric_id                                = (known after apply)
      [32m+[0m[0m project                                   = "medusa-dev-jkt"
      [32m+[0m[0m routing_mode                              = (known after apply)
      [32m+[0m[0m self_link                                 = (known after apply)
    }

[1m  # google_compute_router.medusa_router[0m will be created
[0m  [32m+[0m[0m resource "google_compute_router" "medusa_router" {
      [32m+[0m[0m creation_timestamp = (known after apply)
      [32m+[0m[0m id                 = (known after apply)
      [32m+[0m[0m name               = "medusa-dev-router"
      [32m+[0m[0m network            = (known after apply)
      [32m+[0m[0m project            = "medusa-dev-jkt"
      [32m+[0m[0m region             = "asia-southeast2"
      [32m+[0m[0m self_link          = (known after apply)
    }

[1m  # google_compute_router_nat.medusa_nat[0m will be created
[0m  [32m+[0m[0m resource "google_compute_router_nat" "medusa_nat" {
      [32m+[0m[0m auto_network_tier                   = (known after apply)
      [32m+[0m[0m enable_dynamic_port_allocation      = (known after apply)
      [32m+[0m[0m enable_endpoint_independent_mapping = (known after apply)
      [32m+[0m[0m endpoint_types                      = (known after apply)
      [32m+[0m[0m icmp_idle_timeout_sec               = 30
      [32m+[0m[0m id                                  = (known after apply)
      [32m+[0m[0m min_ports_per_vm                    = (known after apply)
      [32m+[0m[0m name                                = "medusa-dev-nat"
      [32m+[0m[0m nat_ip_allocate_option              = "AUTO_ONLY"
      [32m+[0m[0m project                             = "medusa-dev-jkt"
      [32m+[0m[0m region                              = "asia-southeast2"
      [32m+[0m[0m router                              = "medusa-dev-router"
      [32m+[0m[0m source_subnetwork_ip_ranges_to_nat  = "ALL_SUBNETWORKS_ALL_IP_RANGES"
      [32m+[0m[0m tcp_established_idle_timeout_sec    = 1200
      [32m+[0m[0m tcp_time_wait_timeout_sec           = 120
      [32m+[0m[0m tcp_transitory_idle_timeout_sec     = 30
      [32m+[0m[0m udp_idle_timeout_sec                = 30
    }

[1m  # google_compute_subnetwork.medusa_subnet[0m will be created
[0m  [32m+[0m[0m resource "google_compute_subnetwork" "medusa_subnet" {
      [32m+[0m[0m creation_timestamp         = (known after apply)
      [32m+[0m[0m external_ipv6_prefix       = (known after apply)
      [32m+[0m[0m fingerprint                = (known after apply)
      [32m+[0m[0m gateway_address            = (known after apply)
      [32m+[0m[0m id                         = (known after apply)
      [32m+[0m[0m internal_ipv6_prefix       = (known after apply)
      [32m+[0m[0m ip_cidr_range              = "10.0.0.0/24"
      [32m+[0m[0m ipv6_cidr_range            = (known after apply)
      [32m+[0m[0m name                       = "medusa-dev-subnet"
      [32m+[0m[0m network                    = (known after apply)
      [32m+[0m[0m private_ip_google_access   = (known after apply)
      [32m+[0m[0m private_ipv6_google_access = (known after apply)
      [32m+[0m[0m project                    = "medusa-dev-jkt"
      [32m+[0m[0m purpose                    = (known after apply)
      [32m+[0m[0m region                     = "asia-southeast2"
      [32m+[0m[0m secondary_ip_range         = [
          [32m+[0m[0m {
              [32m+[0m[0m ip_cidr_range = "10.1.0.0/16"
              [32m+[0m[0m range_name    = "gke-pods"
            },
          [32m+[0m[0m {
              [32m+[0m[0m ip_cidr_range = "10.2.0.0/16"
              [32m+[0m[0m range_name    = "gke-services"
            },
        ]
      [32m+[0m[0m self_link                  = (known after apply)
      [32m+[0m[0m stack_type                 = (known after apply)
    }

[1m  # google_container_cluster.medusa_cluster[0m will be created
[0m  [32m+[0m[0m resource "google_container_cluster" "medusa_cluster" {
      [32m+[0m[0m cluster_ipv4_cidr                        = (known after apply)
      [32m+[0m[0m datapath_provider                        = (known after apply)
      [32m+[0m[0m default_max_pods_per_node                = (known after apply)
      [32m+[0m[0m deletion_protection                      = true
      [32m+[0m[0m enable_cilium_clusterwide_network_policy = false
      [32m+[0m[0m enable_intranode_visibility              = (known after apply)
      [32m+[0m[0m enable_kubernetes_alpha                  = false
      [32m+[0m[0m enable_l4_ilb_subsetting                 = false
      [32m+[0m[0m enable_legacy_abac                       = false
      [32m+[0m[0m enable_multi_networking                  = false
      [32m+[0m[0m enable_shielded_nodes                    = true
      [32m+[0m[0m endpoint                                 = (known after apply)
      [32m+[0m[0m id                                       = (known after apply)
      [32m+[0m[0m initial_node_count                       = 1
      [32m+[0m[0m label_fingerprint                        = (known after apply)
      [32m+[0m[0m location                                 = "asia-southeast2-a"
      [32m+[0m[0m logging_service                          = (known after apply)
      [32m+[0m[0m master_version                           = (known after apply)
      [32m+[0m[0m monitoring_service                       = (known after apply)
      [32m+[0m[0m name                                     = "medusa-dev-cluster"
      [32m+[0m[0m network                                  = "medusa-dev-vpc"
      [32m+[0m[0m networking_mode                          = (known after apply)
      [32m+[0m[0m node_locations                           = (known after apply)
      [32m+[0m[0m node_version                             = (known after apply)
      [32m+[0m[0m operation                                = (known after apply)
      [32m+[0m[0m private_ipv6_google_access               = (known after apply)
      [32m+[0m[0m project                                  = (known after apply)
      [32m+[0m[0m remove_default_node_pool                 = true
      [32m+[0m[0m self_link                                = (known after apply)
      [32m+[0m[0m services_ipv4_cidr                       = (known after apply)
      [32m+[0m[0m subnetwork                               = "medusa-dev-subnet"
      [32m+[0m[0m tpu_ipv4_cidr_block                      = (known after apply)

      [32m+[0m[0m addons_config {
          [32m+[0m[0m cloudrun_config (known after apply)
          [32m+[0m[0m config_connector_config (known after apply)
          [32m+[0m[0m dns_cache_config (known after apply)
          [32m+[0m[0m gce_persistent_disk_csi_driver_config (known after apply)
          [32m+[0m[0m gcp_filestore_csi_driver_config (known after apply)
          [32m+[0m[0m gcs_fuse_csi_driver_config (known after apply)
          [32m+[0m[0m gke_backup_agent_config (known after apply)
          [32m+[0m[0m horizontal_pod_autoscaling {
              [32m+[0m[0m disabled = false
            }
          [32m+[0m[0m http_load_balancing {
              [32m+[0m[0m disabled = false
            }
          [32m+[0m[0m network_policy_config (known after apply)
          [32m+[0m[0m ray_operator_config (known after apply)
          [32m+[0m[0m stateful_ha_config (known after apply)
        }

      [32m+[0m[0m authenticator_groups_config (known after apply)

      [32m+[0m[0m cluster_autoscaling (known after apply)

      [32m+[0m[0m confidential_nodes (known after apply)

      [32m+[0m[0m cost_management_config (known after apply)

      [32m+[0m[0m database_encryption (known after apply)

      [32m+[0m[0m default_snat_status (known after apply)

      [32m+[0m[0m gateway_api_config (known after apply)

      [32m+[0m[0m identity_service_config (known after apply)

      [32m+[0m[0m ip_allocation_policy {
          [32m+[0m[0m cluster_ipv4_cidr_block       = (known after apply)
          [32m+[0m[0m cluster_secondary_range_name  = "gke-pods"
          [32m+[0m[0m services_ipv4_cidr_block      = (known after apply)
          [32m+[0m[0m services_secondary_range_name = "gke-services"
          [32m+[0m[0m stack_type                    = "IPV4"

          [32m+[0m[0m pod_cidr_overprovision_config (known after apply)
        }

      [32m+[0m[0m logging_config (known after apply)

      [32m+[0m[0m master_auth (known after apply)

      [32m+[0m[0m master_authorized_networks_config (known after apply)

      [32m+[0m[0m mesh_certificates (known after apply)

      [32m+[0m[0m monitoring_config (known after apply)

      [32m+[0m[0m node_config (known after apply)

      [32m+[0m[0m node_pool (known after apply)

      [32m+[0m[0m node_pool_auto_config (known after apply)

      [32m+[0m[0m node_pool_defaults (known after apply)

      [32m+[0m[0m notification_config (known after apply)

      [32m+[0m[0m private_cluster_config {
          [32m+[0m[0m enable_private_nodes   = true
          [32m+[0m[0m master_ipv4_cidr_block = "10.3.0.0/28"
          [32m+[0m[0m peering_name           = (known after apply)
          [32m+[0m[0m private_endpoint       = (known after apply)
          [32m+[0m[0m public_endpoint        = (known after apply)

          [32m+[0m[0m master_global_access_config (known after apply)
        }

      [32m+[0m[0m release_channel (known after apply)

      [32m+[0m[0m security_posture_config (known after apply)

      [32m+[0m[0m service_external_ips_config (known after apply)

      [32m+[0m[0m vertical_pod_autoscaling (known after apply)

      [32m+[0m[0m workload_identity_config {
          [32m+[0m[0m workload_pool = "medusa-dev-jkt.svc.id.goog"
        }
    }

[1m  # google_container_node_pool.medusa_nodes[0m will be created
[0m  [32m+[0m[0m resource "google_container_node_pool" "medusa_nodes" {
      [32m+[0m[0m cluster                     = "medusa-dev-cluster"
      [32m+[0m[0m id                          = (known after apply)
      [32m+[0m[0m initial_node_count          = (known after apply)
      [32m+[0m[0m instance_group_urls         = (known after apply)
      [32m+[0m[0m location                    = "asia-southeast2-a"
      [32m+[0m[0m managed_instance_group_urls = (known after apply)
      [32m+[0m[0m max_pods_per_node           = (known after apply)
      [32m+[0m[0m name                        = "medusa-dev-nodes"
      [32m+[0m[0m name_prefix                 = (known after apply)
      [32m+[0m[0m node_count                  = 2
      [32m+[0m[0m node_locations              = (known after apply)
      [32m+[0m[0m operation                   = (known after apply)
      [32m+[0m[0m project                     = "medusa-dev-jkt"
      [32m+[0m[0m version                     = (known after apply)

      [32m+[0m[0m autoscaling {
          [32m+[0m[0m location_policy = (known after apply)
          [32m+[0m[0m max_node_count  = 5
          [32m+[0m[0m min_node_count  = 1
        }

      [32m+[0m[0m management {
          [32m+[0m[0m auto_repair  = true
          [32m+[0m[0m auto_upgrade = true
        }

      [32m+[0m[0m network_config (known after apply)

      [32m+[0m[0m node_config {
          [32m+[0m[0m disk_size_gb      = (known after apply)
          [32m+[0m[0m disk_type         = (known after apply)
          [32m+[0m[0m effective_taints  = (known after apply)
          [32m+[0m[0m guest_accelerator = (known after apply)
          [32m+[0m[0m image_type        = (known after apply)
          [32m+[0m[0m labels            = {
              [32m+[0m[0m "app"         = "medusa"
              [32m+[0m[0m "environment" = "dev"
              [32m+[0m[0m "managed_by"  = "terraform"
            }
          [32m+[0m[0m local_ssd_count   = (known after apply)
          [32m+[0m[0m logging_variant   = (known after apply)
          [32m+[0m[0m machine_type      = "e2-medium"
          [32m+[0m[0m metadata          = (known after apply)
          [32m+[0m[0m min_cpu_platform  = (known after apply)
          [32m+[0m[0m oauth_scopes      = [
              [32m+[0m[0m "https://www.googleapis.com/auth/cloud-platform",
            ]
          [32m+[0m[0m preemptible       = true
          [32m+[0m[0m service_account   = (known after apply)
          [32m+[0m[0m spot              = false
          [32m+[0m[0m tags              = [
              [32m+[0m[0m "medusa-app",
            ]

          [32m+[0m[0m confidential_nodes (known after apply)

          [32m+[0m[0m gcfs_config (known after apply)

          [32m+[0m[0m kubelet_config (known after apply)

          [32m+[0m[0m shielded_instance_config (known after apply)

          [32m+[0m[0m workload_metadata_config {
              [32m+[0m[0m mode = "GKE_METADATA"
            }
        }

      [32m+[0m[0m upgrade_settings (known after apply)
    }

[1m  # google_project_iam_member.gke_node_sa_roles["roles/logging.logWriter"][0m will be created
[0m  [32m+[0m[0m resource "google_project_iam_member" "gke_node_sa_roles" {
      [32m+[0m[0m etag    = (known after apply)
      [32m+[0m[0m id      = (known after apply)
      [32m+[0m[0m member  = (known after apply)
      [32m+[0m[0m project = "medusa-dev-jkt"
      [32m+[0m[0m role    = "roles/logging.logWriter"
    }

[1m  # google_project_iam_member.gke_node_sa_roles["roles/monitoring.metricWriter"][0m will be created
[0m  [32m+[0m[0m resource "google_project_iam_member" "gke_node_sa_roles" {
      [32m+[0m[0m etag    = (known after apply)
      [32m+[0m[0m id      = (known after apply)
      [32m+[0m[0m member  = (known after apply)
      [32m+[0m[0m project = "medusa-dev-jkt"
      [32m+[0m[0m role    = "roles/monitoring.metricWriter"
    }

[1m  # google_project_iam_member.gke_node_sa_roles["roles/monitoring.viewer"][0m will be created
[0m  [32m+[0m[0m resource "google_project_iam_member" "gke_node_sa_roles" {
      [32m+[0m[0m etag    = (known after apply)
      [32m+[0m[0m id      = (known after apply)
      [32m+[0m[0m member  = (known after apply)
      [32m+[0m[0m project = "medusa-dev-jkt"
      [32m+[0m[0m role    = "roles/monitoring.viewer"
    }

[1m  # google_project_iam_member.gke_node_sa_roles["roles/storage.objectViewer"][0m will be created
[0m  [32m+[0m[0m resource "google_project_iam_member" "gke_node_sa_roles" {
      [32m+[0m[0m etag    = (known after apply)
      [32m+[0m[0m id      = (known after apply)
      [32m+[0m[0m member  = (known after apply)
      [32m+[0m[0m project = "medusa-dev-jkt"
      [32m+[0m[0m role    = "roles/storage.objectViewer"
    }

[1m  # google_project_service.apis["artifactregistry.googleapis.com"][0m will be created
[0m  [32m+[0m[0m resource "google_project_service" "apis" {
      [32m+[0m[0m disable_dependent_services = false
      [32m+[0m[0m disable_on_destroy         = false
      [32m+[0m[0m id                         = (known after apply)
      [32m+[0m[0m project                    = "medusa-dev-jkt"
      [32m+[0m[0m service                    = "artifactregistry.googleapis.com"
    }

[1m  # google_project_service.apis["cloudbuild.googleapis.com"][0m will be created
[0m  [32m+[0m[0m resource "google_project_service" "apis" {
      [32m+[0m[0m disable_dependent_services = false
      [32m+[0m[0m disable_on_destroy         = false
      [32m+[0m[0m id                         = (known after apply)
      [32m+[0m[0m project                    = "medusa-dev-jkt"
      [32m+[0m[0m service                    = "cloudbuild.googleapis.com"
    }

[1m  # google_project_service.apis["cloudresourcemanager.googleapis.com"][0m will be created
[0m  [32m+[0m[0m resource "google_project_service" "apis" {
      [32m+[0m[0m disable_dependent_services = false
      [32m+[0m[0m disable_on_destroy         = false
      [32m+[0m[0m id                         = (known after apply)
      [32m+[0m[0m project                    = "medusa-dev-jkt"
      [32m+[0m[0m service                    = "cloudresourcemanager.googleapis.com"
    }

[1m  # google_project_service.apis["compute.googleapis.com"][0m will be created
[0m  [32m+[0m[0m resource "google_project_service" "apis" {
      [32m+[0m[0m disable_dependent_services = false
      [32m+[0m[0m disable_on_destroy         = false
      [32m+[0m[0m id                         = (known after apply)
      [32m+[0m[0m project                    = "medusa-dev-jkt"
      [32m+[0m[0m service                    = "compute.googleapis.com"
    }

[1m  # google_project_service.apis["container.googleapis.com"][0m will be created
[0m  [32m+[0m[0m resource "google_project_service" "apis" {
      [32m+[0m[0m disable_dependent_services = false
      [32m+[0m[0m disable_on_destroy         = false
      [32m+[0m[0m id                         = (known after apply)
      [32m+[0m[0m project                    = "medusa-dev-jkt"
      [32m+[0m[0m service                    = "container.googleapis.com"
    }

[1m  # google_project_service.apis["iam.googleapis.com"][0m will be created
[0m  [32m+[0m[0m resource "google_project_service" "apis" {
      [32m+[0m[0m disable_dependent_services = false
      [32m+[0m[0m disable_on_destroy         = false
      [32m+[0m[0m id                         = (known after apply)
      [32m+[0m[0m project                    = "medusa-dev-jkt"
      [32m+[0m[0m service                    = "iam.googleapis.com"
    }

[1m  # google_project_service.apis["logging.googleapis.com"][0m will be created
[0m  [32m+[0m[0m resource "google_project_service" "apis" {
      [32m+[0m[0m disable_dependent_services = false
      [32m+[0m[0m disable_on_destroy         = false
      [32m+[0m[0m id                         = (known after apply)
      [32m+[0m[0m project                    = "medusa-dev-jkt"
      [32m+[0m[0m service                    = "logging.googleapis.com"
    }

[1m  # google_project_service.apis["monitoring.googleapis.com"][0m will be created
[0m  [32m+[0m[0m resource "google_project_service" "apis" {
      [32m+[0m[0m disable_dependent_services = false
      [32m+[0m[0m disable_on_destroy         = false
      [32m+[0m[0m id                         = (known after apply)
      [32m+[0m[0m project                    = "medusa-dev-jkt"
      [32m+[0m[0m service                    = "monitoring.googleapis.com"
    }

[1m  # google_project_service.apis["redis.googleapis.com"][0m will be created
[0m  [32m+[0m[0m resource "google_project_service" "apis" {
      [32m+[0m[0m disable_dependent_services = false
      [32m+[0m[0m disable_on_destroy         = false
      [32m+[0m[0m id                         = (known after apply)
      [32m+[0m[0m project                    = "medusa-dev-jkt"
      [32m+[0m[0m service                    = "redis.googleapis.com"
    }

[1m  # google_project_service.apis["secretmanager.googleapis.com"][0m will be created
[0m  [32m+[0m[0m resource "google_project_service" "apis" {
      [32m+[0m[0m disable_dependent_services = false
      [32m+[0m[0m disable_on_destroy         = false
      [32m+[0m[0m id                         = (known after apply)
      [32m+[0m[0m project                    = "medusa-dev-jkt"
      [32m+[0m[0m service                    = "secretmanager.googleapis.com"
    }

[1m  # google_project_service.apis["sql-component.googleapis.com"][0m will be created
[0m  [32m+[0m[0m resource "google_project_service" "apis" {
      [32m+[0m[0m disable_dependent_services = false
      [32m+[0m[0m disable_on_destroy         = false
      [32m+[0m[0m id                         = (known after apply)
      [32m+[0m[0m project                    = "medusa-dev-jkt"
      [32m+[0m[0m service                    = "sql-component.googleapis.com"
    }

[1m  # google_project_service.apis["sqladmin.googleapis.com"][0m will be created
[0m  [32m+[0m[0m resource "google_project_service" "apis" {
      [32m+[0m[0m disable_dependent_services = false
      [32m+[0m[0m disable_on_destroy         = false
      [32m+[0m[0m id                         = (known after apply)
      [32m+[0m[0m project                    = "medusa-dev-jkt"
      [32m+[0m[0m service                    = "sqladmin.googleapis.com"
    }

[1m  # google_project_service.apis["storage-component.googleapis.com"][0m will be created
[0m  [32m+[0m[0m resource "google_project_service" "apis" {
      [32m+[0m[0m disable_dependent_services = false
      [32m+[0m[0m disable_on_destroy         = false
      [32m+[0m[0m id                         = (known after apply)
      [32m+[0m[0m project                    = "medusa-dev-jkt"
      [32m+[0m[0m service                    = "storage-component.googleapis.com"
    }

[1m  # google_project_service.apis["storage.googleapis.com"][0m will be created
[0m  [32m+[0m[0m resource "google_project_service" "apis" {
      [32m+[0m[0m disable_dependent_services = false
      [32m+[0m[0m disable_on_destroy         = false
      [32m+[0m[0m id                         = (known after apply)
      [32m+[0m[0m project                    = "medusa-dev-jkt"
      [32m+[0m[0m service                    = "storage.googleapis.com"
    }

[1m  # google_redis_instance.medusa_redis[0m will be created
[0m  [32m+[0m[0m resource "google_redis_instance" "medusa_redis" {
      [32m+[0m[0m alternative_location_id  = "asia-southeast2-b"
      [32m+[0m[0m auth_enabled             = false
      [32m+[0m[0m auth_string              = (sensitive value)
      [32m+[0m[0m authorized_network       = (known after apply)
      [32m+[0m[0m connect_mode             = "DIRECT_PEERING"
      [32m+[0m[0m create_time              = (known after apply)
      [32m+[0m[0m current_location_id      = (known after apply)
      [32m+[0m[0m display_name             = "Medusa Redis Cache"
      [32m+[0m[0m effective_labels         = {
          [32m+[0m[0m "app"         = "medusa"
          [32m+[0m[0m "environment" = "dev"
          [32m+[0m[0m "managed_by"  = "terraform"
        }
      [32m+[0m[0m host                     = (known after apply)
      [32m+[0m[0m id                       = (known after apply)
      [32m+[0m[0m labels                   = {
          [32m+[0m[0m "app"         = "medusa"
          [32m+[0m[0m "environment" = "dev"
          [32m+[0m[0m "managed_by"  = "terraform"
        }
      [32m+[0m[0m location_id              = "asia-southeast2-a"
      [32m+[0m[0m maintenance_schedule     = (known after apply)
      [32m+[0m[0m maintenance_version      = (known after apply)
      [32m+[0m[0m memory_size_gb           = 1
      [32m+[0m[0m name                     = "medusa-dev-redis"
      [32m+[0m[0m nodes                    = (known after apply)
      [32m+[0m[0m persistence_iam_identity = (known after apply)
      [32m+[0m[0m port                     = (known after apply)
      [32m+[0m[0m project                  = "medusa-dev-jkt"
      [32m+[0m[0m read_endpoint            = (known after apply)
      [32m+[0m[0m read_endpoint_port       = (known after apply)
      [32m+[0m[0m read_replicas_mode       = (known after apply)
      [32m+[0m[0m redis_version            = "REDIS_7_0"
      [32m+[0m[0m region                   = "asia-southeast2"
      [32m+[0m[0m replica_count            = (known after apply)
      [32m+[0m[0m reserved_ip_range        = (known after apply)
      [32m+[0m[0m secondary_ip_range       = (known after apply)
      [32m+[0m[0m server_ca_certs          = (known after apply)
      [32m+[0m[0m terraform_labels         = {
          [32m+[0m[0m "app"         = "medusa"
          [32m+[0m[0m "environment" = "dev"
          [32m+[0m[0m "managed_by"  = "terraform"
        }
      [32m+[0m[0m tier                     = "BASIC"
      [32m+[0m[0m transit_encryption_mode  = "DISABLED"

      [32m+[0m[0m persistence_config (known after apply)
    }

[1m  # google_secret_manager_secret.medusa_secrets["cookie-secret"][0m will be created
[0m  [32m+[0m[0m resource "google_secret_manager_secret" "medusa_secrets" {
      [32m+[0m[0m create_time           = (known after apply)
      [32m+[0m[0m effective_annotations = (known after apply)
      [32m+[0m[0m effective_labels      = {
          [32m+[0m[0m "app"         = "medusa"
          [32m+[0m[0m "environment" = "dev"
          [32m+[0m[0m "managed_by"  = "terraform"
        }
      [32m+[0m[0m expire_time           = (known after apply)
      [32m+[0m[0m id                    = (known after apply)
      [32m+[0m[0m labels                = {
          [32m+[0m[0m "app"         = "medusa"
          [32m+[0m[0m "environment" = "dev"
          [32m+[0m[0m "managed_by"  = "terraform"
        }
      [32m+[0m[0m name                  = (known after apply)
      [32m+[0m[0m project               = "medusa-dev-jkt"
      [32m+[0m[0m secret_id             = "medusa-dev-cookie-secret"
      [32m+[0m[0m terraform_labels      = {
          [32m+[0m[0m "app"         = "medusa"
          [32m+[0m[0m "environment" = "dev"
          [32m+[0m[0m "managed_by"  = "terraform"
        }

      [32m+[0m[0m replication {
          [32m+[0m[0m auto {
            }
        }
    }

[1m  # google_secret_manager_secret.medusa_secrets["database-url"][0m will be created
[0m  [32m+[0m[0m resource "google_secret_manager_secret" "medusa_secrets" {
      [32m+[0m[0m create_time           = (known after apply)
      [32m+[0m[0m effective_annotations = (known after apply)
      [32m+[0m[0m effective_labels      = {
          [32m+[0m[0m "app"         = "medusa"
          [32m+[0m[0m "environment" = "dev"
          [32m+[0m[0m "managed_by"  = "terraform"
        }
      [32m+[0m[0m expire_time           = (known after apply)
      [32m+[0m[0m id                    = (known after apply)
      [32m+[0m[0m labels                = {
          [32m+[0m[0m "app"         = "medusa"
          [32m+[0m[0m "environment" = "dev"
          [32m+[0m[0m "managed_by"  = "terraform"
        }
      [32m+[0m[0m name                  = (known after apply)
      [32m+[0m[0m project               = "medusa-dev-jkt"
      [32m+[0m[0m secret_id             = "medusa-dev-database-url"
      [32m+[0m[0m terraform_labels      = {
          [32m+[0m[0m "app"         = "medusa"
          [32m+[0m[0m "environment" = "dev"
          [32m+[0m[0m "managed_by"  = "terraform"
        }

      [32m+[0m[0m replication {
          [32m+[0m[0m auto {
            }
        }
    }

[1m  # google_secret_manager_secret.medusa_secrets["jwt-secret"][0m will be created
[0m  [32m+[0m[0m resource "google_secret_manager_secret" "medusa_secrets" {
      [32m+[0m[0m create_time           = (known after apply)
      [32m+[0m[0m effective_annotations = (known after apply)
      [32m+[0m[0m effective_labels      = {
          [32m+[0m[0m "app"         = "medusa"
          [32m+[0m[0m "environment" = "dev"
          [32m+[0m[0m "managed_by"  = "terraform"
        }
      [32m+[0m[0m expire_time           = (known after apply)
      [32m+[0m[0m id                    = (known after apply)
      [32m+[0m[0m labels                = {
          [32m+[0m[0m "app"         = "medusa"
          [32m+[0m[0m "environment" = "dev"
          [32m+[0m[0m "managed_by"  = "terraform"
        }
      [32m+[0m[0m name                  = (known after apply)
      [32m+[0m[0m project               = "medusa-dev-jkt"
      [32m+[0m[0m secret_id             = "medusa-dev-jwt-secret"
      [32m+[0m[0m terraform_labels      = {
          [32m+[0m[0m "app"         = "medusa"
          [32m+[0m[0m "environment" = "dev"
          [32m+[0m[0m "managed_by"  = "terraform"
        }

      [32m+[0m[0m replication {
          [32m+[0m[0m auto {
            }
        }
    }

[1m  # google_secret_manager_secret.medusa_secrets["redis-url"][0m will be created
[0m  [32m+[0m[0m resource "google_secret_manager_secret" "medusa_secrets" {
      [32m+[0m[0m create_time           = (known after apply)
      [32m+[0m[0m effective_annotations = (known after apply)
      [32m+[0m[0m effective_labels      = {
          [32m+[0m[0m "app"         = "medusa"
          [32m+[0m[0m "environment" = "dev"
          [32m+[0m[0m "managed_by"  = "terraform"
        }
      [32m+[0m[0m expire_time           = (known after apply)
      [32m+[0m[0m id                    = (known after apply)
      [32m+[0m[0m labels                = {
          [32m+[0m[0m "app"         = "medusa"
          [32m+[0m[0m "environment" = "dev"
          [32m+[0m[0m "managed_by"  = "terraform"
        }
      [32m+[0m[0m name                  = (known after apply)
      [32m+[0m[0m project               = "medusa-dev-jkt"
      [32m+[0m[0m secret_id             = "medusa-dev-redis-url"
      [32m+[0m[0m terraform_labels      = {
          [32m+[0m[0m "app"         = "medusa"
          [32m+[0m[0m "environment" = "dev"
          [32m+[0m[0m "managed_by"  = "terraform"
        }

      [32m+[0m[0m replication {
          [32m+[0m[0m auto {
            }
        }
    }

[1m  # google_secret_manager_secret_version.database_url[0m will be created
[0m  [32m+[0m[0m resource "google_secret_manager_secret_version" "database_url" {
      [32m+[0m[0m create_time           = (known after apply)
      [32m+[0m[0m deletion_policy       = "DELETE"
      [32m+[0m[0m destroy_time          = (known after apply)
      [32m+[0m[0m enabled               = true
      [32m+[0m[0m id                    = (known after apply)
      [32m+[0m[0m is_secret_data_base64 = false
      [32m+[0m[0m name                  = (known after apply)
      [32m+[0m[0m secret                = (known after apply)
      [32m+[0m[0m secret_data           = (sensitive value)
      [32m+[0m[0m version               = (known after apply)
    }

[1m  # google_secret_manager_secret_version.redis_url[0m will be created
[0m  [32m+[0m[0m resource "google_secret_manager_secret_version" "redis_url" {
      [32m+[0m[0m create_time           = (known after apply)
      [32m+[0m[0m deletion_policy       = "DELETE"
      [32m+[0m[0m destroy_time          = (known after apply)
      [32m+[0m[0m enabled               = true
      [32m+[0m[0m id                    = (known after apply)
      [32m+[0m[0m is_secret_data_base64 = false
      [32m+[0m[0m name                  = (known after apply)
      [32m+[0m[0m secret                = (known after apply)
      [32m+[0m[0m secret_data           = (sensitive value)
      [32m+[0m[0m version               = (known after apply)
    }

[1m  # google_service_account.gke_node_sa[0m will be created
[0m  [32m+[0m[0m resource "google_service_account" "gke_node_sa" {
      [32m+[0m[0m account_id   = "medusa-dev-gke-sa"
      [32m+[0m[0m disabled     = false
      [32m+[0m[0m display_name = "GKE Node Service Account for Medusa"
      [32m+[0m[0m email        = (known after apply)
      [32m+[0m[0m id           = (known after apply)
      [32m+[0m[0m member       = (known after apply)
      [32m+[0m[0m name         = (known after apply)
      [32m+[0m[0m project      = "medusa-dev-jkt"
      [32m+[0m[0m unique_id    = (known after apply)
    }

[1m  # google_service_networking_connection.private_vpc_connection[0m will be created
[0m  [32m+[0m[0m resource "google_service_networking_connection" "private_vpc_connection" {
      [32m+[0m[0m id                      = (known after apply)
      [32m+[0m[0m network                 = (known after apply)
      [32m+[0m[0m peering                 = (known after apply)
      [32m+[0m[0m reserved_peering_ranges = [
          [32m+[0m[0m "medusa-dev-private-ip",
        ]
      [32m+[0m[0m service                 = "servicenetworking.googleapis.com"
    }

[1m  # google_sql_database.medusa_db[0m will be created
[0m  [32m+[0m[0m resource "google_sql_database" "medusa_db" {
      [32m+[0m[0m charset         = (known after apply)
      [32m+[0m[0m collation       = (known after apply)
      [32m+[0m[0m deletion_policy = "DELETE"
      [32m+[0m[0m id              = (known after apply)
      [32m+[0m[0m instance        = "medusa-dev-postgres"
      [32m+[0m[0m name            = "medusa"
      [32m+[0m[0m project         = "medusa-dev-jkt"
      [32m+[0m[0m self_link       = (known after apply)
    }

[1m  # google_sql_database_instance.medusa_postgres[0m will be created
[0m  [32m+[0m[0m resource "google_sql_database_instance" "medusa_postgres" {
      [32m+[0m[0m available_maintenance_versions = (known after apply)
      [32m+[0m[0m connection_name                = (known after apply)
      [32m+[0m[0m database_version               = "POSTGRES_15"
      [32m+[0m[0m deletion_protection            = false
      [32m+[0m[0m dns_name                       = (known after apply)
      [32m+[0m[0m encryption_key_name            = (known after apply)
      [32m+[0m[0m first_ip_address               = (known after apply)
      [32m+[0m[0m id                             = (known after apply)
      [32m+[0m[0m instance_type                  = (known after apply)
      [32m+[0m[0m ip_address                     = (known after apply)
      [32m+[0m[0m maintenance_version            = (known after apply)
      [32m+[0m[0m master_instance_name           = (known after apply)
      [32m+[0m[0m name                           = "medusa-dev-postgres"
      [32m+[0m[0m private_ip_address             = (known after apply)
      [32m+[0m[0m project                        = "medusa-dev-jkt"
      [32m+[0m[0m psc_service_attachment_link    = (known after apply)
      [32m+[0m[0m public_ip_address              = (known after apply)
      [32m+[0m[0m region                         = "asia-southeast2"
      [32m+[0m[0m self_link                      = (known after apply)
      [32m+[0m[0m server_ca_cert                 = (sensitive value)
      [32m+[0m[0m service_account_email_address  = (known after apply)

      [32m+[0m[0m replica_configuration (known after apply)

      [32m+[0m[0m settings {
          [32m+[0m[0m activation_policy     = "ALWAYS"
          [32m+[0m[0m availability_type     = "ZONAL"
          [32m+[0m[0m connector_enforcement = (known after apply)
          [32m+[0m[0m disk_autoresize       = true
          [32m+[0m[0m disk_autoresize_limit = 0
          [32m+[0m[0m disk_size             = 20
          [32m+[0m[0m disk_type             = "PD_SSD"
          [32m+[0m[0m edition               = "ENTERPRISE"
          [32m+[0m[0m pricing_plan          = "PER_USE"
          [32m+[0m[0m tier                  = "db-f1-micro"
          [32m+[0m[0m user_labels           = {
              [32m+[0m[0m "app"         = "medusa"
              [32m+[0m[0m "environment" = "dev"
              [32m+[0m[0m "managed_by"  = "terraform"
            }
          [32m+[0m[0m version               = (known after apply)

          [32m+[0m[0m backup_configuration {
              [32m+[0m[0m enabled                        = true
              [32m+[0m[0m point_in_time_recovery_enabled = true
              [32m+[0m[0m start_time                     = "03:00"
              [32m+[0m[0m transaction_log_retention_days = 7

              [32m+[0m[0m backup_retention_settings {
                  [32m+[0m[0m retained_backups = 7
                  [32m+[0m[0m retention_unit   = "COUNT"
                }
            }

          [32m+[0m[0m database_flags {
              [32m+[0m[0m name  = "log_checkpoints"
              [32m+[0m[0m value = "on"
            }

          [32m+[0m[0m insights_config (known after apply)

          [32m+[0m[0m ip_configuration {
              [32m+[0m[0m ipv4_enabled    = false
              [32m+[0m[0m private_network = (known after apply)
              [32m+[0m[0m require_ssl     = true
              [32m+[0m[0m server_ca_mode  = (known after apply)
              [32m+[0m[0m ssl_mode        = (known after apply)
            }

          [32m+[0m[0m location_preference (known after apply)
        }
    }

[1m  # google_sql_user.medusa_user[0m will be created
[0m  [32m+[0m[0m resource "google_sql_user" "medusa_user" {
      [32m+[0m[0m host                    = (known after apply)
      [32m+[0m[0m id                      = (known after apply)
      [32m+[0m[0m instance                = "medusa-dev-postgres"
      [32m+[0m[0m name                    = "medusa"
      [32m+[0m[0m password                = (sensitive value)
      [32m+[0m[0m project                 = "medusa-dev-jkt"
      [32m+[0m[0m sql_server_user_details = (known after apply)
    }

[1m  # google_storage_bucket.medusa_uploads[0m will be created
[0m  [32m+[0m[0m resource "google_storage_bucket" "medusa_uploads" {
      [32m+[0m[0m effective_labels            = {
          [32m+[0m[0m "app"         = "medusa"
          [32m+[0m[0m "environment" = "dev"
          [32m+[0m[0m "managed_by"  = "terraform"
        }
      [32m+[0m[0m force_destroy               = true
      [32m+[0m[0m id                          = (known after apply)
      [32m+[0m[0m labels                      = {
          [32m+[0m[0m "app"         = "medusa"
          [32m+[0m[0m "environment" = "dev"
          [32m+[0m[0m "managed_by"  = "terraform"
        }
      [32m+[0m[0m location                    = "ASIA-SOUTHEAST2"
      [32m+[0m[0m name                        = "medusa-dev-jkt-medusa-dev-uploads"
      [32m+[0m[0m project                     = (known after apply)
      [32m+[0m[0m project_number              = (known after apply)
      [32m+[0m[0m public_access_prevention    = (known after apply)
      [32m+[0m[0m rpo                         = (known after apply)
      [32m+[0m[0m self_link                   = (known after apply)
      [32m+[0m[0m storage_class               = "STANDARD"
      [32m+[0m[0m terraform_labels            = {
          [32m+[0m[0m "app"         = "medusa"
          [32m+[0m[0m "environment" = "dev"
          [32m+[0m[0m "managed_by"  = "terraform"
        }
      [32m+[0m[0m uniform_bucket_level_access = true
      [32m+[0m[0m url                         = (known after apply)

      [32m+[0m[0m lifecycle_rule {
          [32m+[0m[0m action {
              [32m+[0m[0m type          = "Delete"
                [90m# (1 unchanged attribute hidden)[0m[0m
            }
          [32m+[0m[0m condition {
              [32m+[0m[0m age                    = 30
              [32m+[0m[0m matches_prefix         = []
              [32m+[0m[0m matches_storage_class  = []
              [32m+[0m[0m matches_suffix         = []
              [32m+[0m[0m send_age_if_zero       = true
              [32m+[0m[0m with_state             = (known after apply)
                [90m# (3 unchanged attributes hidden)[0m[0m
            }
        }

      [32m+[0m[0m soft_delete_policy (known after apply)

      [32m+[0m[0m versioning {
          [32m+[0m[0m enabled = true
        }

      [32m+[0m[0m website (known after apply)
    }

[1m  # google_storage_bucket_iam_member.medusa_bucket_access[0m will be created
[0m  [32m+[0m[0m resource "google_storage_bucket_iam_member" "medusa_bucket_access" {
      [32m+[0m[0m bucket = "medusa-dev-jkt-medusa-dev-uploads"
      [32m+[0m[0m etag   = (known after apply)
      [32m+[0m[0m id     = (known after apply)
      [32m+[0m[0m member = (known after apply)
      [32m+[0m[0m role   = "roles/storage.objectAdmin"
    }

[1mPlan:[0m 42 to add, 0 to change, 0 to destroy.
[0m
Changes to Outputs:
  [32m+[0m[0m artifact_registry_location   = "asia-southeast2"
  [32m+[0m[0m artifact_registry_repository = (known after apply)
  [32m+[0m[0m database_connection_string   = (sensitive value)
  [32m+[0m[0m deployment_summary           = {
      [32m+[0m[0m artifact_registry = (known after apply)
      [32m+[0m[0m environment       = "dev"
      [32m+[0m[0m gke_cluster_name  = "medusa-dev-cluster"
      [32m+[0m[0m load_balancer_ip  = (known after apply)
      [32m+[0m[0m postgres_instance = "medusa-dev-postgres"
      [32m+[0m[0m project_id        = "medusa-dev-jkt"
      [32m+[0m[0m redis_instance    = "medusa-dev-redis"
      [32m+[0m[0m region            = "asia-southeast2"
      [32m+[0m[0m storage_bucket    = "medusa-dev-jkt-medusa-dev-uploads"
      [32m+[0m[0m zone              = "asia-southeast2-a"
    }
  [32m+[0m[0m docker_build_commands        = [
      [32m+[0m[0m "# Configure Docker to use gcloud as a credential helper",
      [32m+[0m[0m "gcloud auth configure-docker asia-southeast2-docker.pkg.dev",
      [32m+[0m[0m "",
      [32m+[0m[0m "# Build the Docker image",
      [32m+[0m[0m "docker build -f Dockerfile.server -t asia-southeast2-docker.pkg.dev/medusa-dev-jkt/medusa-dev/medusa:latest .",
      [32m+[0m[0m "",
      [32m+[0m[0m "# Push the Docker image",
      [32m+[0m[0m "docker push asia-southeast2-docker.pkg.dev/medusa-dev-jkt/medusa-dev/medusa:latest",
    ]
  [32m+[0m[0m docker_repository_url        = "asia-southeast2-docker.pkg.dev/medusa-dev-jkt/medusa-dev"
  [32m+[0m[0m gke_cluster_ca_certificate   = (sensitive value)
  [32m+[0m[0m gke_cluster_endpoint         = (sensitive value)
  [32m+[0m[0m gke_cluster_name             = "medusa-dev-cluster"
  [32m+[0m[0m gke_service_account_email    = (known after apply)
  [32m+[0m[0m kubectl_config_command       = "gcloud container clusters get-credentials medusa-dev-cluster --zone asia-southeast2-a --project medusa-dev-jkt"
  [32m+[0m[0m load_balancer_ip             = (known after apply)
  [32m+[0m[0m load_balancer_ip_name        = "medusa-dev-lb-ip"
  [32m+[0m[0m postgres_connection_name     = (known after apply)
  [32m+[0m[0m postgres_database_name       = "medusa"
  [32m+[0m[0m postgres_instance_name       = "medusa-dev-postgres"
  [32m+[0m[0m postgres_private_ip          = (sensitive value)
  [32m+[0m[0m postgres_user_name           = "medusa"
  [32m+[0m[0m project_id                   = "medusa-dev-jkt"
  [32m+[0m[0m redis_connection_string      = (sensitive value)
  [32m+[0m[0m redis_current_location_id    = (known after apply)
  [32m+[0m[0m redis_host                   = (sensitive value)
  [32m+[0m[0m redis_instance_name          = "medusa-dev-redis"
  [32m+[0m[0m redis_port                   = (known after apply)
  [32m+[0m[0m region                       = "asia-southeast2"
  [32m+[0m[0m secret_names                 = {
      [32m+[0m[0m cookie-secret = (known after apply)
      [32m+[0m[0m database-url  = (known after apply)
      [32m+[0m[0m jwt-secret    = (known after apply)
      [32m+[0m[0m redis-url     = (known after apply)
    }
  [32m+[0m[0m storage_bucket_name          = "medusa-dev-jkt-medusa-dev-uploads"
  [32m+[0m[0m storage_bucket_url           = (known after apply)
  [32m+[0m[0m subnet_ip_range              = "10.0.0.0/24"
  [32m+[0m[0m subnet_name                  = "medusa-dev-subnet"
  [32m+[0m[0m vpc_id                       = (known after apply)
  [32m+[0m[0m vpc_name                     = "medusa-dev-vpc"
  [32m+[0m[0m zone                         = "asia-southeast2-a"
[0m[1mgoogle_project_service.apis["cloudbuild.googleapis.com"]: Creating...[0m[0m
[0m[1mgoogle_project_service.apis["sql-component.googleapis.com"]: Creating...[0m[0m
[0m[1mgoogle_project_service.apis["monitoring.googleapis.com"]: Creating...[0m[0m
[0m[1mgoogle_project_service.apis["sqladmin.googleapis.com"]: Creating...[0m[0m
[0m[1mgoogle_project_service.apis["redis.googleapis.com"]: Creating...[0m[0m
[0m[1mgoogle_project_service.apis["secretmanager.googleapis.com"]: Creating...[0m[0m
[0m[1mgoogle_project_service.apis["storage-component.googleapis.com"]: Creating...[0m[0m
[0m[1mgoogle_service_account.gke_node_sa: Creating...[0m[0m
[0m[1mgoogle_compute_global_address.medusa_lb_ip: Creating...[0m[0m
[0m[1mgoogle_storage_bucket.medusa_uploads: Creating...[0m[0m
[0m[1mgoogle_storage_bucket.medusa_uploads: Creation complete after 2s [id=medusa-dev-jkt-medusa-dev-uploads][0m
[0m[1mgoogle_project_service.apis["container.googleapis.com"]: Creating...[0m[0m
[0m[1mgoogle_project_service.apis["storage-component.googleapis.com"]: Creation complete after 5s [id=medusa-dev-jkt/storage-component.googleapis.com][0m
[0m[1mgoogle_project_service.apis["sqladmin.googleapis.com"]: Creation complete after 5s [id=medusa-dev-jkt/sqladmin.googleapis.com][0m
[0m[1mgoogle_project_service.apis["monitoring.googleapis.com"]: Creation complete after 5s [id=medusa-dev-jkt/monitoring.googleapis.com][0m
[0m[1mgoogle_project_service.apis["cloudresourcemanager.googleapis.com"]: Creating...[0m[0m
[0m[1mgoogle_project_service.apis["cloudbuild.googleapis.com"]: Creation complete after 5s [id=medusa-dev-jkt/cloudbuild.googleapis.com][0m
[0m[1mgoogle_project_service.apis["container.googleapis.com"]: Creation complete after 3s [id=medusa-dev-jkt/container.googleapis.com][0m
[0m[1mgoogle_project_service.apis["artifactregistry.googleapis.com"]: Creating...[0m[0m
[0m[1mgoogle_project_service.apis["logging.googleapis.com"]: Creating...[0m[0m
[0m[1mgoogle_project_service.apis["redis.googleapis.com"]: Creation complete after 5s [id=medusa-dev-jkt/redis.googleapis.com][0m
[0m[1mgoogle_project_service.apis["iam.googleapis.com"]: Creating...[0m[0m
[0m[1mgoogle_project_service.apis["sql-component.googleapis.com"]: Creation complete after 5s [id=medusa-dev-jkt/sql-component.googleapis.com][0m
[0m[1mgoogle_project_service.apis["secretmanager.googleapis.com"]: Creation complete after 5s [id=medusa-dev-jkt/secretmanager.googleapis.com][0m
[0m[1mgoogle_project_service.apis["compute.googleapis.com"]: Creating...[0m[0m
[0m[1mgoogle_project_service.apis["storage.googleapis.com"]: Creating...[0m[0m
[0m[1mgoogle_project_service.apis["artifactregistry.googleapis.com"]: Creation complete after 4s [id=medusa-dev-jkt/artifactregistry.googleapis.com][0m
[0m[1mgoogle_project_service.apis["iam.googleapis.com"]: Creation complete after 4s [id=medusa-dev-jkt/iam.googleapis.com][0m
[0m[1mgoogle_project_service.apis["storage.googleapis.com"]: Creation complete after 4s [id=medusa-dev-jkt/storage.googleapis.com][0m
[0m[1mgoogle_project_service.apis["logging.googleapis.com"]: Creation complete after 4s [id=medusa-dev-jkt/logging.googleapis.com][0m
[0m[1mgoogle_project_service.apis["compute.googleapis.com"]: Creation complete after 4s [id=medusa-dev-jkt/compute.googleapis.com][0m
[0m[1mgoogle_project_service.apis["cloudresourcemanager.googleapis.com"]: Creation complete after 4s [id=medusa-dev-jkt/cloudresourcemanager.googleapis.com][0m
[0m[1mgoogle_compute_network.medusa_vpc: Creating...[0m[0m
[0m[1mgoogle_secret_manager_secret.medusa_secrets["redis-url"]: Creating...[0m[0m
[0m[1mgoogle_secret_manager_secret.medusa_secrets["database-url"]: Creating...[0m[0m
[0m[1mgoogle_secret_manager_secret.medusa_secrets["cookie-secret"]: Creating...[0m[0m
[0m[1mgoogle_secret_manager_secret.medusa_secrets["jwt-secret"]: Creating...[0m[0m
[0m[1mgoogle_artifact_registry_repository.medusa_repo: Creating...[0m[0m
[0m[1mgoogle_service_account.gke_node_sa: Still creating... [00m10s elapsed][0m[0m
[0m[1mgoogle_compute_global_address.medusa_lb_ip: Still creating... [00m10s elapsed][0m[0m
[0m[1mgoogle_secret_manager_secret.medusa_secrets["cookie-secret"]: Creation complete after 2s [id=projects/medusa-dev-jkt/secrets/medusa-dev-cookie-secret][0m
[0m[1mgoogle_compute_global_address.medusa_lb_ip: Creation complete after 14s [id=projects/medusa-dev-jkt/global/addresses/medusa-dev-lb-ip][0m
[0m[1mgoogle_secret_manager_secret.medusa_secrets["jwt-secret"]: Creation complete after 5s [id=projects/medusa-dev-jkt/secrets/medusa-dev-jwt-secret][0m
[0m[1mgoogle_secret_manager_secret.medusa_secrets["database-url"]: Creation complete after 5s [id=projects/medusa-dev-jkt/secrets/medusa-dev-database-url][0m
[0m[1mgoogle_secret_manager_secret.medusa_secrets["redis-url"]: Creation complete after 6s [id=projects/medusa-dev-jkt/secrets/medusa-dev-redis-url][0m
[0m[1mgoogle_service_account.gke_node_sa: Creation complete after 17s [id=projects/medusa-dev-jkt/serviceAccounts/medusa-dev-gke-sa@medusa-dev-jkt.iam.gserviceaccount.com][0m
[0m[1mgoogle_storage_bucket_iam_member.medusa_bucket_access: Creating...[0m[0m
[0m[1mgoogle_project_iam_member.gke_node_sa_roles["roles/monitoring.metricWriter"]: Creating...[0m[0m
[0m[1mgoogle_project_iam_member.gke_node_sa_roles["roles/monitoring.viewer"]: Creating...[0m[0m
[0m[1mgoogle_project_iam_member.gke_node_sa_roles["roles/logging.logWriter"]: Creating...[0m[0m
[0m[1mgoogle_project_iam_member.gke_node_sa_roles["roles/storage.objectViewer"]: Creating...[0m[0m
[0m[1mgoogle_compute_network.medusa_vpc: Still creating... [00m11s elapsed][0m[0m
[0m[1mgoogle_artifact_registry_repository.medusa_repo: Still creating... [00m11s elapsed][0m[0m
[0m[1mgoogle_storage_bucket_iam_member.medusa_bucket_access: Creation complete after 4s [id=b/medusa-dev-jkt-medusa-dev-uploads/roles/storage.objectAdmin/serviceAccount:medusa-dev-gke-sa@medusa-dev-jkt.iam.gserviceaccount.com][0m
[0m[1mgoogle_project_iam_member.gke_node_sa_roles["roles/storage.objectViewer"]: Creation complete after 10s [id=medusa-dev-jkt/roles/storage.objectViewer/serviceAccount:medusa-dev-gke-sa@medusa-dev-jkt.iam.gserviceaccount.com][0m
[0m[1mgoogle_project_iam_member.gke_node_sa_roles["roles/monitoring.viewer"]: Still creating... [00m10s elapsed][0m[0m
[0m[1mgoogle_project_iam_member.gke_node_sa_roles["roles/monitoring.metricWriter"]: Still creating... [00m10s elapsed][0m[0m
[0m[1mgoogle_project_iam_member.gke_node_sa_roles["roles/logging.logWriter"]: Still creating... [00m10s elapsed][0m[0m
[0m[1mgoogle_project_iam_member.gke_node_sa_roles["roles/monitoring.viewer"]: Creation complete after 10s [id=medusa-dev-jkt/roles/monitoring.viewer/serviceAccount:medusa-dev-gke-sa@medusa-dev-jkt.iam.gserviceaccount.com][0m
[0m[1mgoogle_project_iam_member.gke_node_sa_roles["roles/monitoring.metricWriter"]: Creation complete after 11s [id=medusa-dev-jkt/roles/monitoring.metricWriter/serviceAccount:medusa-dev-gke-sa@medusa-dev-jkt.iam.gserviceaccount.com][0m
[0m[1mgoogle_project_iam_member.gke_node_sa_roles["roles/logging.logWriter"]: Creation complete after 11s [id=medusa-dev-jkt/roles/logging.logWriter/serviceAccount:medusa-dev-gke-sa@medusa-dev-jkt.iam.gserviceaccount.com][0m
[0m[1mgoogle_compute_network.medusa_vpc: Still creating... [00m21s elapsed][0m[0m
[0m[1mgoogle_artifact_registry_repository.medusa_repo: Still creating... [00m21s elapsed][0m[0m
[0m[1mgoogle_artifact_registry_repository.medusa_repo: Creation complete after 22s [id=projects/medusa-dev-jkt/locations/asia-southeast2/repositories/medusa-dev][0m
[0m[1mgoogle_compute_network.medusa_vpc: Still creating... [00m31s elapsed][0m[0m
[0m[1mgoogle_compute_network.medusa_vpc: Creation complete after 34s [id=projects/medusa-dev-jkt/global/networks/medusa-dev-vpc][0m
[0m[1mgoogle_compute_router.medusa_router: Creating...[0m[0m
[0m[1mgoogle_compute_global_address.private_ip_allocation: Creating...[0m[0m
[0m[1mgoogle_compute_subnetwork.medusa_subnet: Creating...[0m[0m
[0m[1mgoogle_compute_firewall.medusa_firewall: Creating...[0m[0m
[0m[1mgoogle_redis_instance.medusa_redis: Creating...[0m[0m
[0m[1mgoogle_compute_subnetwork.medusa_subnet: Still creating... [00m11s elapsed][0m[0m
[0m[1mgoogle_compute_global_address.private_ip_allocation: Still creating... [00m11s elapsed][0m[0m
[0m[1mgoogle_compute_router.medusa_router: Still creating... [00m11s elapsed][0m[0m
[0m[1mgoogle_compute_firewall.medusa_firewall: Still creating... [00m11s elapsed][0m[0m
[0m[1mgoogle_redis_instance.medusa_redis: Still creating... [00m11s elapsed][0m[0m
[0m[1mgoogle_compute_firewall.medusa_firewall: Creation complete after 13s [id=projects/medusa-dev-jkt/global/firewalls/medusa-dev-firewall][0m
[0m[1mgoogle_compute_global_address.private_ip_allocation: Creation complete after 13s [id=projects/medusa-dev-jkt/global/addresses/medusa-dev-private-ip][0m
[0m[1mgoogle_service_networking_connection.private_vpc_connection: Creating...[0m[0m
[0m[1mgoogle_compute_subnetwork.medusa_subnet: Still creating... [00m21s elapsed][0m[0m
[0m[1mgoogle_compute_router.medusa_router: Still creating... [00m21s elapsed][0m[0m
[0m[1mgoogle_compute_router.medusa_router: Creation complete after 22s [id=projects/medusa-dev-jkt/regions/asia-southeast2/routers/medusa-dev-router][0m
[0m[1mgoogle_compute_router_nat.medusa_nat: Creating...[0m[0m
[0m[1mgoogle_compute_subnetwork.medusa_subnet: Still creating... [00m31s elapsed][0m[0m
[0m[1mgoogle_compute_router_nat.medusa_nat: Still creating... [00m10s elapsed][0m[0m
[0m[1mgoogle_compute_router_nat.medusa_nat: Creation complete after 12s [id=medusa-dev-jkt/asia-southeast2/medusa-dev-router/medusa-dev-nat][0m
[0m[1mgoogle_compute_subnetwork.medusa_subnet: Still creating... [00m42s elapsed][0m[0m
[0m[1mgoogle_compute_subnetwork.medusa_subnet: Still creating... [00m52s elapsed][0m[0m
[0m[1mgoogle_compute_subnetwork.medusa_subnet: Creation complete after 53s [id=projects/medusa-dev-jkt/regions/asia-southeast2/subnetworks/medusa-dev-subnet][0m
[0m[1mgoogle_container_cluster.medusa_cluster: Creating...[0m[0m
[0m[1mgoogle_container_cluster.medusa_cluster: Still creating... [00m10s elapsed][0m[0m
[0m[1mgoogle_container_cluster.medusa_cluster: Still creating... [00m21s elapsed][0m[0m
[0m[1mgoogle_container_cluster.medusa_cluster: Still creating... [00m31s elapsed][0m[0m
[0m[1mgoogle_container_cluster.medusa_cluster: Still creating... [00m41s elapsed][0m[0m
[0m[1mgoogle_container_cluster.medusa_cluster: Still creating... [00m52s elapsed][0m[0m
[0m[1mgoogle_container_cluster.medusa_cluster: Still creating... [01m02s elapsed][0m[0m
[0m[1mgoogle_container_cluster.medusa_cluster: Still creating... [01m12s elapsed][0m[0m
[0m[1mgoogle_container_cluster.medusa_cluster: Still creating... [01m22s elapsed][0m[0m
[0m[1mgoogle_container_cluster.medusa_cluster: Still creating... [01m33s elapsed][0m[0m
[0m[1mgoogle_container_cluster.medusa_cluster: Still creating... [01m43s elapsed][0m[0m
[0m[1mgoogle_container_cluster.medusa_cluster: Still creating... [01m53s elapsed][0m[0m
[0m[1mgoogle_container_cluster.medusa_cluster: Still creating... [02m04s elapsed][0m[0m
[0m[1mgoogle_container_cluster.medusa_cluster: Still creating... [02m14s elapsed][0m[0m
[0m[1mgoogle_container_cluster.medusa_cluster: Still creating... [02m24s elapsed][0m[0m
[0m[1mgoogle_container_cluster.medusa_cluster: Still creating... [02m35s elapsed][0m[0m
[0m[1mgoogle_container_cluster.medusa_cluster: Still creating... [02m45s elapsed][0m[0m
[0m[1mgoogle_container_cluster.medusa_cluster: Still creating... [02m55s elapsed][0m[0m
[0m[1mgoogle_container_cluster.medusa_cluster: Still creating... [03m06s elapsed][0m[0m
[0m[1mgoogle_container_cluster.medusa_cluster: Still creating... [03m16s elapsed][0m[0m
[0m[1mgoogle_container_cluster.medusa_cluster: Still creating... [03m26s elapsed][0m[0m
[0m[1mgoogle_container_cluster.medusa_cluster: Still creating... [03m37s elapsed][0m[0m
[0m[1mgoogle_container_cluster.medusa_cluster: Still creating... [03m47s elapsed][0m[0m
[0m[1mgoogle_container_cluster.medusa_cluster: Still creating... [03m57s elapsed][0m[0m
[0m[1mgoogle_container_cluster.medusa_cluster: Still creating... [04m07s elapsed][0m[0m
[0m[1mgoogle_container_cluster.medusa_cluster: Still creating... [04m18s elapsed][0m[0m
[0m[1mgoogle_container_cluster.medusa_cluster: Still creating... [04m28s elapsed][0m[0m
[0m[1mgoogle_container_cluster.medusa_cluster: Still creating... [04m38s elapsed][0m[0m
[0m[1mgoogle_container_cluster.medusa_cluster: Still creating... [04m49s elapsed][0m[0m
[0m[1mgoogle_container_cluster.medusa_cluster: Still creating... [04m59s elapsed][0m[0m
[0m[1mgoogle_container_cluster.medusa_cluster: Still creating... [05m09s elapsed][0m[0m
[0m[1mgoogle_container_cluster.medusa_cluster: Still creating... [05m20s elapsed][0m[0m
[0m[1mgoogle_container_cluster.medusa_cluster: Still creating... [05m30s elapsed][0m[0m
[0m[1mgoogle_container_cluster.medusa_cluster: Still creating... [05m40s elapsed][0m[0m
[0m[1mgoogle_container_cluster.medusa_cluster: Still creating... [05m51s elapsed][0m[0m
[0m[1mgoogle_container_cluster.medusa_cluster: Still creating... [06m01s elapsed][0m[0m
[0m[1mgoogle_container_cluster.medusa_cluster: Still creating... [06m11s elapsed][0m[0m
[0m[1mgoogle_container_cluster.medusa_cluster: Still creating... [06m21s elapsed][0m[0m
[0m[1mgoogle_container_cluster.medusa_cluster: Still creating... [06m32s elapsed][0m[0m
[0m[1mgoogle_container_cluster.medusa_cluster: Still creating... [06m42s elapsed][0m[0m
[0m[1mgoogle_container_cluster.medusa_cluster: Still creating... [06m52s elapsed][0m[0m
[0m[1mgoogle_container_cluster.medusa_cluster: Still creating... [07m02s elapsed][0m[0m
[0m[1mgoogle_container_cluster.medusa_cluster: Still creating... [07m12s elapsed][0m[0m
[0m[1mgoogle_container_cluster.medusa_cluster: Still creating... [07m22s elapsed][0m[0m
[0m[1mgoogle_container_cluster.medusa_cluster: Still creating... [07m33s elapsed][0m[0m
[0m[1mgoogle_container_cluster.medusa_cluster: Still creating... [07m43s elapsed][0m[0m
[0m[1mgoogle_container_cluster.medusa_cluster: Still creating... [07m53s elapsed][0m[0m
[0m[1mgoogle_container_cluster.medusa_cluster: Still creating... [08m04s elapsed][0m[0m
[0m[1mgoogle_container_cluster.medusa_cluster: Still creating... [08m14s elapsed][0m[0m
[0m[1mgoogle_container_cluster.medusa_cluster: Still creating... [08m24s elapsed][0m[0m
[0m[1mgoogle_container_cluster.medusa_cluster: Still creating... [08m34s elapsed][0m[0m
[0m[1mgoogle_container_cluster.medusa_cluster: Still creating... [08m44s elapsed][0m[0m
[0m[1mgoogle_container_cluster.medusa_cluster: Still creating... [08m54s elapsed][0m[0m
[0m[1mgoogle_container_cluster.medusa_cluster: Still creating... [09m04s elapsed][0m[0m
[0m[1mgoogle_container_cluster.medusa_cluster: Still creating... [09m15s elapsed][0m[0m
[0m[1mgoogle_container_cluster.medusa_cluster: Still creating... [09m25s elapsed][0m[0m
[0m[1mgoogle_container_cluster.medusa_cluster: Still creating... [09m35s elapsed][0m[0m
[0m[1mgoogle_container_cluster.medusa_cluster: Still creating... [09m46s elapsed][0m[0m
[0m[1mgoogle_container_cluster.medusa_cluster: Still creating... [09m56s elapsed][0m[0m
[0m[1mgoogle_container_cluster.medusa_cluster: Still creating... [10m06s elapsed][0m[0m
[0m[1mgoogle_container_cluster.medusa_cluster: Still creating... [10m17s elapsed][0m[0m
[0m[1mgoogle_container_cluster.medusa_cluster: Creation complete after 10m26s [id=projects/medusa-dev-jkt/locations/asia-southeast2-a/clusters/medusa-dev-cluster][0m
[0m[1mgoogle_container_node_pool.medusa_nodes: Creating...[0m[0m
[0m[1mgoogle_container_node_pool.medusa_nodes: Still creating... [00m10s elapsed][0m[0m
[0m[1mgoogle_container_node_pool.medusa_nodes: Still creating... [00m20s elapsed][0m[0m
[0m[1mgoogle_container_node_pool.medusa_nodes: Still creating... [00m30s elapsed][0m[0m
[0m[1mgoogle_container_node_pool.medusa_nodes: Still creating... [00m40s elapsed][0m[0m
[0m[1mgoogle_container_node_pool.medusa_nodes: Still creating... [00m50s elapsed][0m[0m
[0m[1mgoogle_container_node_pool.medusa_nodes: Still creating... [01m01s elapsed][0m[0m
[0m[1mgoogle_container_node_pool.medusa_nodes: Still creating... [01m11s elapsed][0m[0m
[0m[1mgoogle_container_node_pool.medusa_nodes: Still creating... [01m21s elapsed][0m[0m
[0m[1mgoogle_container_node_pool.medusa_nodes: Still creating... [01m32s elapsed][0m[0m
[0m[1mgoogle_container_node_pool.medusa_nodes: Creation complete after 1m34s [id=projects/medusa-dev-jkt/locations/asia-southeast2-a/clusters/medusa-dev-cluster/nodePools/medusa-dev-nodes][0m
[31m╷[0m[0m
[31m│[0m [0m[1m[31mError: [0m[0m[1mgoogleapi: Error 403: Service Networking API has not been used in project 355018728030 before or it is disabled. Enable it by visiting https://console.developers.google.com/apis/api/servicenetworking.googleapis.com/overview?project=355018728030 then retry. If you enabled this API recently, wait a few minutes for the action to propagate to our systems and retry.
[31m│[0m [0mDetails:
[31m│[0m [0m[
[31m│[0m [0m  {
[31m│[0m [0m    "@type": "type.googleapis.com/google.rpc.ErrorInfo",
[31m│[0m [0m    "domain": "googleapis.com",
[31m│[0m [0m    "metadata": {
[31m│[0m [0m      "activationUrl": "https://console.developers.google.com/apis/api/servicenetworking.googleapis.com/overview?project=355018728030",
[31m│[0m [0m      "consumer": "projects/355018728030",
[31m│[0m [0m      "containerInfo": "355018728030",
[31m│[0m [0m      "service": "servicenetworking.googleapis.com",
[31m│[0m [0m      "serviceTitle": "Service Networking API"
[31m│[0m [0m    },
[31m│[0m [0m    "reason": "SERVICE_DISABLED"
[31m│[0m [0m  },
[31m│[0m [0m  {
[31m│[0m [0m    "@type": "type.googleapis.com/google.rpc.LocalizedMessage",
[31m│[0m [0m    "locale": "en-US",
[31m│[0m [0m    "message": "Service Networking API has not been used in project 355018728030 before or it is disabled. Enable it by visiting https://console.developers.google.com/apis/api/servicenetworking.googleapis.com/overview?project=355018728030 then retry. If you enabled this API recently, wait a few minutes for the action to propagate to our systems and retry."
[31m│[0m [0m  },
[31m│[0m [0m  {
[31m│[0m [0m    "@type": "type.googleapis.com/google.rpc.Help",
[31m│[0m [0m    "links": [
[31m│[0m [0m      {
[31m│[0m [0m        "description": "Google developers console API activation",
[31m│[0m [0m        "url": "https://console.developers.google.com/apis/api/servicenetworking.googleapis.com/overview?project=355018728030"
[31m│[0m [0m      }
[31m│[0m [0m    ]
[31m│[0m [0m  }
[31m│[0m [0m]
[31m│[0m [0m, accessNotConfigured[0m
[31m│[0m [0m
[31m│[0m [0m[0m  with google_service_networking_connection.private_vpc_connection,
[31m│[0m [0m  on main.tf line 208, in resource "google_service_networking_connection" "private_vpc_connection":
[31m│[0m [0m 208: resource "google_service_networking_connection" "private_vpc_connection" [4m{[0m[0m
[31m│[0m [0m
[31m╵[0m[0m
[31m╷[0m[0m
[31m│[0m [0m[1m[31mError: [0m[0m[1mError waiting to create Instance: Error waiting for Creating Instance: Error code 3, message: Alternative Zone not allowed for BASIC tier.[0m
[31m│[0m [0m
[31m│[0m [0m[0m  with google_redis_instance.medusa_redis,
[31m│[0m [0m  on main.tf line 217, in resource "google_redis_instance" "medusa_redis":
[31m│[0m [0m 217: resource "google_redis_instance" "medusa_redis" [4m{[0m[0m
[31m│[0m [0m
[31m╵[0m[0m
